C51 COMPILER V9.52.0.0   MAIN                                                              05/14/2016 06:28:13 PAGE 1   


C51 COMPILER V9.52.0.0, COMPILATION OF MODULE MAIN
OBJECT MODULE PLACED IN main.OBJ
COMPILER INVOKED BY: C:\Keil\C51\BIN\C51.EXE main.c BROWSE DEBUG OBJECTEXTEND TABS(2)

line level    source

   1          #include <STC12C5A60S2.H>
   2          #include "common.h"
   3          #include "1602.h"
   4          #include "uart.h"
   5          #include "DHT11.h"
   6          
   7          #define uchar unsigned char
   8          #define uint unsigned int
   9          #define MOTOR P14
  10          #define LED1 P27
  11          #define LED2 P26
  12          #define BUTTON1 P25
  13          #define BUTTON2 P24
  14          #define BUTTON3 P23
  15          #define BUTTON4 P22
  16          
  17          void Delay500ms()   //@11.0592MHz
  18          {
  19   1        unsigned char i, j, k;
  20   1      
  21   1        i = 22;
  22   1        j = 3;
  23   1        k = 227;
  24   1        do
  25   1        {
  26   2          do
  27   2          {
  28   3            while (--k);
  29   3          } while (--j);
  30   2        } while (--i);
  31   1      }
  32          
  33          void InitLCD ()
  34          {
  35   1        InitLCM();
  36   1        DisplayListChar(0,0,"STATUS:OFFLINE");
  37   1        DisplayListChar(0,1,"Connecting...");
  38   1      }
  39          
  40          void Init_online()
  41          {
  42   1        getflag=1;
  43   1        while(getflag){
  44   2          Uart_One_Printf("AT");
  45   2          Delay500ms();
  46   2          if(getflag==0)
  47   2            break;
  48   2        }
  49   1      
  50   1      }
  51          
  52          void main()
  53          {
  54   1        unsigned int i=0 ;
  55   1        InitLCD();
C51 COMPILER V9.52.0.0   MAIN                                                              05/14/2016 06:28:13 PAGE 2   

  56   1        LED1=1;
  57   1        LED2=1;
  58   1        BUTTON1=1;
  59   1        BUTTON2=1;
  60   1        BUTTON3=1;
  61   1        BUTTON4=1;
  62   1        MOTOR=1;
  63   1        CCON=0;          //PCA初始化
  64   1        CL=0;       //PCA的16位计数器低八位
  65   1        CH=0;       //PCA的16位计数器高八位
  66   1        CMOD=0x00; //选择 系统时钟/12 为计数脉冲,则PWM的频率f=sysclk/256/12;
  67   1        CCAP0H=0xA0;  //  占空比控制
  68   1        CCAP0L=0xA0;
  69   1        PCA_PWM0=0x00; //控制占空比的第九位为0
  70   1        CCAPM0=0x42;  //允许P13作为PWM输出
  71   1        CR=1;     //启动PCA计数器
  72   1        Uart_Two_Init();
  73   1        Uart_One_Init();
  74   1        Init_online();
  75   1        DisplayListChar(0,0,"STATUS:NORMAL");
  76   1        DisplayListChar(0,1,"T=00 H=00 A=000");
  77   1        while(1){
  78   2          RH();
  79   2          DisplayOneChar(2,1,U8T_data_H/10+0x30);
  80   2          DisplayOneChar(3,1,U8T_data_H%10+0x30);
  81   2          DisplayOneChar(7,1,U8RH_data_H/10+0x30);
  82   2          DisplayOneChar(8,1,U8RH_data_H%10+0x30);
  83   2          DisplayOneChar(12,1,(int)PM/100%10+0x30);
  84   2          DisplayOneChar(13,1,(int)PM/10%10+0x30);
  85   2          DisplayOneChar(14,1,(int)PM%10+0x30);
  86   2          Uart_One_Printf("N:");
  87   2          Uart_One_Send((int)MOTOR+0x30);
  88   2          Uart_One_Send(':');
  89   2          Uart_One_Send(8+0x30);
  90   2          Uart_One_Send(':');
  91   2          Uart_One_Send(U8T_data_H/10+0x30);
  92   2          Uart_One_Send(U8T_data_H%10+0x30);
  93   2          Uart_One_Send(':');
  94   2          Uart_One_Send(U8RH_data_H/10+0x30);
  95   2          Uart_One_Send(U8RH_data_H%10+0x30);
  96   2          Uart_One_Send(':');
  97   2          Uart_One_Send((int)PM/100%10+0x30);
  98   2          Uart_One_Send((int)PM/10%10+0x30);
  99   2          Uart_One_Send((int)PM%10+0x30);
 100   2        }
 101   1      }


MODULE INFORMATION:   STATIC OVERLAYABLE
   CODE SIZE        =    496    ----
   CONSTANT SIZE    =     65    ----
   XDATA SIZE       =   ----    ----
   PDATA SIZE       =   ----    ----
   DATA SIZE        =   ----       2
   IDATA SIZE       =   ----    ----
   BIT SIZE         =   ----    ----
END OF MODULE INFORMATION.


C51 COMPILATION COMPLETE.  0 WARNING(S),  0 ERROR(S)
