C51 COMPILER V9.52.0.0   MAIN                                                              05/15/2016 00:05:53 PAGE 1   


C51 COMPILER V9.52.0.0, COMPILATION OF MODULE MAIN
OBJECT MODULE PLACED IN main.OBJ
COMPILER INVOKED BY: C:\Keil\C51\BIN\C51.EXE main.c BROWSE DEBUG OBJECTEXTEND TABS(2)

line level    source

   1          #include <STC12C5A60S2.H>
   2          #include "common.h"
   3          #include "1602.h"
   4          #include "uart.h"
   5          #include "DHT11.h"
   6          #define BEER P10
   7          
   8          #define uchar unsigned char
   9          #define uint unsigned int
  10          #define MOTOR P14
  11          #define LED1 P27
  12          #define LED2 P26
  13          #define BUTTON1 P25
  14          #define BUTTON2 P24
  15          #define BUTTON3 P23
  16          #define BUTTON4 P22
  17          
  18          uchar soundflag=0;
  19          
  20          void Delay20ms()    //@11.0592MHz
  21          {
  22   1        unsigned char i, j, k;
  23   1      
  24   1        _nop_();
  25   1        _nop_();
  26   1        i = 1;
  27   1        j = 216;
  28   1        k = 35;
  29   1        do
  30   1        {
  31   2          do
  32   2          {
  33   3            while (--k);
  34   3          } while (--j);
  35   2        } while (--i);
  36   1      }
  37          
  38          void Delay500ms()   //@11.0592MHz
  39          {
  40   1        unsigned char i, j, k;
  41   1      
  42   1        i = 22;
  43   1        j = 3;
  44   1        k = 227;
  45   1        do
  46   1        {
  47   2          do
  48   2          {
  49   3            while (--k);
  50   3          } while (--j);
  51   2        } while (--i);
  52   1      }
  53          
  54          void InitLCD ()
  55          {
C51 COMPILER V9.52.0.0   MAIN                                                              05/15/2016 00:05:53 PAGE 2   

  56   1        InitLCM();
  57   1        DisplayListChar(0,0," TUST_SAC BY:GFD");
  58   1        DisplayListChar(0,1,"Connecting...");
  59   1      }
  60          
  61          void Init_online()
  62          {
  63   1        getflag=1;
  64   1        while(getflag){
  65   2          Uart_One_Send('A');
  66   2          Delay500ms();
  67   2          if(getflag==0)
  68   2            break;
  69   2        }
  70   1      
  71   1      }
  72          
  73          int speedtrans(int x)
  74          {
  75   1        if (x==1)
  76   1          return 13;
  77   1        else if (x==2)
  78   1          return 12;
  79   1        else if (x==3)
  80   1          return 11;
  81   1        else if (x==4)
  82   1          return 10;
  83   1        else if (x==5)
  84   1          return 9;
  85   1        else if (x==6)
  86   1          return 8;
  87   1        else if (x==7)
  88   1          return 7;
  89   1        else if (x==8)
  90   1          return 6;
  91   1        else if (x==9)
  92   1          return 5;
  93   1        else if (x==10)
  94   1          return 4;
  95   1        else
  96   1          return 3;
  97   1      }
  98          
  99          void Senddata()
 100          {
 101   1        Uart_One_Printf("N:");
 102   1        Uart_One_Send((int)MOTOR+0x30);
 103   1        Uart_One_Send(':');
 104   1        Uart_One_Send((int)MAN_MOTOR+0x30);
 105   1        Uart_One_Send(':');
 106   1        Uart_One_Send(speedtrans(MOTOR_SPEED)/10+0x30);
 107   1        Uart_One_Send(speedtrans(MOTOR_SPEED)%10+0x30);
 108   1        Uart_One_Send(':');
 109   1        Uart_One_Send(U8T_data_H/10+0x30);
 110   1        Uart_One_Send(U8T_data_H%10+0x30);
 111   1        Uart_One_Send(':');
 112   1        Uart_One_Send(U8RH_data_H/10+0x30);
 113   1        Uart_One_Send(U8RH_data_H%10+0x30);
 114   1        Uart_One_Send(':');
 115   1        Uart_One_Send((int)PM/100%10+0x30);
 116   1        Uart_One_Send((int)PM/10%10+0x30);
 117   1        Uart_One_Send((int)PM%10+0x30);
C51 COMPILER V9.52.0.0   MAIN                                                              05/15/2016 00:05:53 PAGE 3   

 118   1      }
 119          
 120          void buttoncheck()
 121          {
 122   1        if(BUTTON1==1){
 123   2          Delay20ms();
 124   2          if (BUTTON1==1)
 125   2          {
 126   3            if(MAN_MOTOR){
 127   4              if(MOTOR_SPEED>3)
 128   4                MOTOR_SPEED-=1;
 129   4            }else{
 130   4              IAP_CONTR|=0x20;
 131   4            }
 132   3            while(BUTTON1==0);
 133   3          }
 134   2        }
 135   1        if(BUTTON2==1){
 136   2          Delay20ms();
 137   2          if (BUTTON2==1)
 138   2          {
 139   3            if(MOTOR_SPEED<15)
 140   3              MOTOR_SPEED+=1;
 141   3            while(BUTTON2==0);
 142   3          }
 143   2        }
 144   1        if(BUTTON3==1){
 145   2          Delay20ms();
 146   2          if (BUTTON3==1)
 147   2          {
 148   3            if(MAN_MOTOR){
 149   4              MOTOR=!MOTOR;
 150   4            }else{
 151   4              LED1=0;
 152   4              sound(800);
 153   4              LED1=1;
 154   4            }
 155   3            while(BUTTON3==0);
 156   3          }
 157   2        }
 158   1        if(BUTTON4==1){
 159   2          Delay20ms();
 160   2          if (BUTTON4==1)
 161   2          {
 162   3            MAN_MOTOR=!MAN_MOTOR;
 163   3            while(BUTTON4==0);
 164   3          }
 165   2        }
 166   1      
 167   1      }
 168          
 169          void main()
 170          {
 171   1        unsigned int i=0 ;
 172   1        InitLCD();
 173   1        LED1=1;
 174   1        LED2=1;
 175   1        BUTTON1=0;
 176   1        BUTTON2=0;
 177   1        BUTTON3=0;
 178   1        BUTTON4=0;
 179   1        MOTOR=0;
C51 COMPILER V9.52.0.0   MAIN                                                              05/15/2016 00:05:53 PAGE 4   

 180   1        CCON=0;          //PCA初始化
 181   1        CL=0;       //PCA的16位计数器低八位
 182   1        CH=0;       //PCA的16位计数器高八位
 183   1        CMOD=0x00; //选择 系统时钟/12 为计数脉冲,则PWM的频率f=sysclk/256/12;
 184   1        CCAP0H=0xA0;  //  占空比控制
 185   1        CCAP0L=0xA0;
 186   1        PCA_PWM0=0x00; //控制占空比的第九位为0
 187   1        CCAPM0=0x42;  //允许P13作为PWM输出
 188   1        CR=1;     //启动PCA计数器
 189   1        Uart_Two_Init();
 190   1        Uart_One_Init();
 191   1        Init_online();
 192   1        BEER=1;
 193   1        DisplayListChar(0,0," 00:00:00 R 00 N");
 194   1        DisplayListChar(0,1,"T=00 H=00 A=000");
 195   1        LED2=0;
 196   1        while(1){
 197   2          buttoncheck();
 198   2          if(MOTOR_SPEED>15)
 199   2            MOTOR_SPEED=3;
 200   2          else if(MOTOR_SPEED<3)
 201   2            MOTOR_SPEED=15;
 202   2          for(i=0;i<8;i++)
 203   2            DisplayOneChar(i+1,0,time[i]);
 204   2          if(MOTOR)
 205   2            DisplayOneChar(10,0,'R');
 206   2          else
 207   2            DisplayOneChar(10,0,'S');
 208   2          CCAP0H=MOTOR_SPEED*16;
 209   2          CCAP0L=MOTOR_SPEED*16;
 210   2          DisplayOneChar(12,0,speedtrans(MOTOR_SPEED)/10+0x30);
 211   2          DisplayOneChar(13,0,speedtrans(MOTOR_SPEED)%10+0x30);
 212   2          RH();
 213   2          DisplayOneChar(2,1,U8T_data_H/10+0x30);
 214   2          DisplayOneChar(3,1,U8T_data_H%10+0x30);
 215   2          DisplayOneChar(7,1,U8RH_data_H/10+0x30);
 216   2          DisplayOneChar(8,1,U8RH_data_H%10+0x30);
 217   2          DisplayOneChar(12,1,(int)PM/100%10+0x30);
 218   2          DisplayOneChar(13,1,(int)PM/10%10+0x30);
 219   2          DisplayOneChar(14,1,(int)PM%10+0x30);
 220   2          if(!MAN_MOTOR){
 221   3            if(PM>100.0){
 222   4              MOTOR=1;
 223   4              MOTOR_SPEED=(PM/10)<15?speedtrans((int)(PM/10)):3;
 224   4              LED1=0;
 225   4              if(soundflag==0)
 226   4                sound(800);
 227   4              soundflag=1;
 228   4            }else if(PM<80.0){
 229   4              MOTOR=0;
 230   4              MOTOR_SPEED=10;
 231   4              LED1=1;
 232   4              soundflag=0;
 233   4            }else{
 234   4              LED1=1;
 235   4              soundflag=0;
 236   4            }
 237   3            DisplayOneChar(15,0,'N');
 238   3          }else{
 239   3            DisplayOneChar(15,0,'M');
 240   3          }
 241   2          Senddata();
C51 COMPILER V9.52.0.0   MAIN                                                              05/15/2016 00:05:53 PAGE 5   

 242   2        }
 243   1      }


MODULE INFORMATION:   STATIC OVERLAYABLE
   CODE SIZE        =   1057    ----
   CONSTANT SIZE    =     67    ----
   XDATA SIZE       =   ----    ----
   PDATA SIZE       =   ----    ----
   DATA SIZE        =      1       2
   IDATA SIZE       =   ----    ----
   BIT SIZE         =   ----    ----
END OF MODULE INFORMATION.


C51 COMPILATION COMPLETE.  0 WARNING(S),  0 ERROR(S)
